../Core/Src/DDSM115.c:97:9:GetMotorID	8	static
../Core/Src/DDSM115.c:118:6:CurrentMode	16	static
../Core/Src/DDSM115.c:129:7:VelocityMode	16	static
../Core/Src/DDSM115.c:139:7:PositionMode	16	static
../Core/Src/DDSM115.c:152:17:CurrentToValue	16	static
../Core/Src/DDSM115.c:164:7:sendCurrentCommand	32	static
../Core/Src/DDSM115.c:202:17:VelocityToValue	16	static
../Core/Src/DDSM115.c:208:7:sendVelocityCommand	32	static
../Core/Src/DDSM115.c:252:7:MotorStop	32	static
../Core/Src/DDSM115.c:289:18:AngleToValue	16	static
../Core/Src/DDSM115.c:301:7:sendPositionCommand	32	static
../Core/Src/DDSM115.c:342:7:MotorSwitchMode	32	static
../Core/Src/DDSM115.c:380:7:MotorStatus	32	static
../Core/Src/DDSM115.c:432:7:MotorStatusOLD	136	static
../Core/Src/DDSM115.c:496:7:ChangeMotorID	32	static
../Core/Src/DDSM115.c:528:11:compute_crc8	24	static
../Core/Src/DDSM115.c:546:6:ParseData	16	static
