../Core/Src/DDSM115.c:98:9:GetMotorID	8	static
../Core/Src/DDSM115.c:119:6:CurrentMode	16	static
../Core/Src/DDSM115.c:130:7:VelocityMode	16	static
../Core/Src/DDSM115.c:140:7:PositionMode	16	static
../Core/Src/DDSM115.c:153:17:CurrentToValue	16	static
../Core/Src/DDSM115.c:165:7:sendCurrentCommand	32	static
../Core/Src/DDSM115.c:203:17:VelocityToValue	16	static
../Core/Src/DDSM115.c:209:7:sendVelocityCommand	32	static
../Core/Src/DDSM115.c:253:7:MotorStop	32	static
../Core/Src/DDSM115.c:290:18:AngleToValue	16	static
../Core/Src/DDSM115.c:302:7:sendPositionCommand	32	static
../Core/Src/DDSM115.c:343:7:MotorSwitchMode	32	static
../Core/Src/DDSM115.c:381:7:MotorStatus	32	static
../Core/Src/DDSM115.c:433:7:MotorStatusOLD	136	static
../Core/Src/DDSM115.c:497:7:ChangeMotorID	32	static
../Core/Src/DDSM115.c:529:11:compute_crc8	24	static
../Core/Src/DDSM115.c:547:6:ParseData	16	static
