../Core/Src/main.c:109:5:main	1
../Core/Src/main.c:247:6:SystemClock_Config	3
../Core/Src/main.c:295:13:MX_CAN1_Init	2
../Core/Src/main.c:332:13:MX_I2C3_Init	2
../Core/Src/main.c:366:13:MX_SPI1_Init	2
../Core/Src/main.c:404:13:MX_SPI2_Init	2
../Core/Src/main.c:442:13:MX_UART5_Init	2
../Core/Src/main.c:475:13:MX_USART2_UART_Init	2
../Core/Src/main.c:506:13:MX_DMA_Init	1
../Core/Src/main.c:524:13:MX_GPIO_Init	1
../Core/Src/main.c:604:6:HAL_CAN_RxFifo0MsgPendingCallback	1
../Core/Src/main.c:609:6:serialWrite	1
../Core/Src/main.c:615:6:serialProcessRxData	5
../Core/Src/main.c:636:6:HAL_UART_RxCpltCallback	3
../Core/Src/main.c:662:6:Error_Handler	1
