../Core/Src/main.c:75:5:__io_putchar	16	static
../Core/Src/main.c:86:5:main	64	static,ignoring_inline_asm
../Core/Src/main.c:179:6:SystemClock_Config	88	static
../Core/Src/main.c:213:13:MX_CAN1_Init	8	static
../Core/Src/main.c:234:13:MX_I2C3_Init	8	static
../Core/Src/main.c:252:13:MX_SPI1_Init	8	static
../Core/Src/main.c:273:13:MX_SPI2_Init	8	static
../Core/Src/main.c:294:13:MX_UART5_Init	8	static
../Core/Src/main.c:311:13:MX_USART2_UART_Init	8	static
../Core/Src/main.c:328:13:MX_DMA_Init	16	static
../Core/Src/main.c:338:13:MX_GPIO_Init	48	static
../Core/Src/main.c:413:6:Error_Handler	4	static,ignoring_inline_asm
