../Core/Src/main.c:103:5:__io_putchar	16	static
../Core/Src/main.c:114:5:main	24	static
../Core/Src/main.c:219:6:SystemClock_Config	88	static
../Core/Src/main.c:267:13:MX_CAN1_Init	8	static
../Core/Src/main.c:304:13:MX_I2C3_Init	8	static
../Core/Src/main.c:338:13:MX_SPI1_Init	8	static
../Core/Src/main.c:376:13:MX_SPI2_Init	8	static
../Core/Src/main.c:414:13:MX_UART5_Init	8	static
../Core/Src/main.c:447:13:MX_USART2_UART_Init	8	static
../Core/Src/main.c:478:13:MX_DMA_Init	16	static
../Core/Src/main.c:496:13:MX_GPIO_Init	48	static
../Core/Src/main.c:579:6:HAL_CAN_RxFifo0MsgPendingCallback	16	static
../Core/Src/main.c:584:6:serialWrite	16	static
../Core/Src/main.c:590:6:serialProcessRxData	8	static
../Core/Src/main.c:611:6:HAL_UART_RxCpltCallback	16	static
../Core/Src/main.c:637:6:Error_Handler	4	static,ignoring_inline_asm
