../Core/Src/main.c:109:5:main	5
../Core/Src/main.c:281:6:SystemClock_Config	3
../Core/Src/main.c:329:13:MX_CAN1_Init	2
../Core/Src/main.c:366:13:MX_I2C3_Init	2
../Core/Src/main.c:400:13:MX_SPI1_Init	2
../Core/Src/main.c:438:13:MX_SPI2_Init	2
../Core/Src/main.c:476:13:MX_UART5_Init	2
../Core/Src/main.c:509:13:MX_USART2_UART_Init	2
../Core/Src/main.c:540:13:MX_DMA_Init	1
../Core/Src/main.c:558:13:MX_GPIO_Init	1
../Core/Src/main.c:638:6:HAL_CAN_RxFifo0MsgPendingCallback	1
../Core/Src/main.c:643:6:serialWrite	1
../Core/Src/main.c:649:6:serialProcessRxData	5
../Core/Src/main.c:670:6:HAL_UART_RxCpltCallback	3
../Core/Src/main.c:696:6:Error_Handler	1
