../Core/Src/MRF24J40.c:48:6:MRF_InitSPI	24	static
../Core/Src/MRF24J40.c:54:6:MRF_InitGPIO	24	static
../Core/Src/MRF24J40.c:63:13:Mrf24j_spi_flush	16	static
../Core/Src/MRF24J40.c:70:6:Mrf24j_init	24	static
../Core/Src/MRF24J40.c:144:6:Mrf24j_write_short	24	static
../Core/Src/MRF24J40.c:173:6:Mrf24j_write_long	24	static
../Core/Src/MRF24J40.c:188:9:Mrf24j_read_short	32	static
../Core/Src/MRF24J40.c:208:9:Mrf24j_read_long	32	static
../Core/Src/MRF24J40.c:230:6:Mrf24j_set_interrupts	16	static
../Core/Src/MRF24J40.c:238:6:Mrf24j_set_channel	16	static
../Core/Src/MRF24J40.c:245:6:Mrf24j_reset	8	static
../Core/Src/MRF24J40.c:253:6:Mrf24j_send16	32	static
../Core/Src/MRF24J40.c:352:10:Mrf24j_get_pan	24	static
../Core/Src/MRF24J40.c:357:6:Mrf24j_set_pan	16	static
../Core/Src/MRF24J40.c:362:6:Mrf24j_address16_write	16	static
../Core/Src/MRF24J40.c:367:10:Mrf24j_address16_read	24	static
../Core/Src/MRF24J40.c:372:6:Mrf24j_rx_flush	16	static
../Core/Src/MRF24J40.c:381:6:Mrf24j_rx_disable	8	static
../Core/Src/MRF24J40.c:385:6:Mrf24j_rx_enable	8	static
../Core/Src/MRF24J40.c:395:6:Mrf24j_interrupt_handler	48	static
../Core/Src/MRF24J40.c:462:5:Mrf24j_rx_datalength	4	static
